{
    "satisfiable": {
        "kb" : true,
        "classes" : ["http://crowd.fi.uncoma.edu.ar#Class1",
                     "http://crowd.fi.uncoma.edu.ar#Class2"],
        "objectproperties": [],
        "dataproperties": []
    },
    "unsatisfiable": {
        "classes": [],
        "objectproperties": [],
        "dataproperties": []
    },
    "subsumptions": [],
    "disjunctions": [],
    "equivalences": [],
    "reasoner" : {
        "input" : "",
        "output" : ""
    },
    "inferredSubs": [],
    "inferredCards": [],
    "inferredDisj": [],
    "inferredEquiv": []
}
